// Jest Snapshot v1, https://goo.gl/fbAQLP

exports[`basic - configFile 1`] = `
"/src/fixture/frontmatter-1.md:
  because:
    - publishingEdited
  changes:
/src/fixture/frontmatter-2.mdx:
  because:
    - publishingEdited
  changes:
/src/fixture/frontmatter-3.mdx:
  because:
    - publishingPublished
    - publishingEdited
  changes:
    draft: false
/src/fixture/no-frontmatter.md:
  because:
    - publishingEdited
  changes:
"
`;

exports[`basic - namespace 1`] = `
"/src/fixture/frontmatter-1.md:
  because:
    - publishingEdited
  changes:
/src/fixture/frontmatter-2.mdx:
  because:
    - publishingEdited
  changes:
/src/fixture/frontmatter-3.mdx:
  because:
    - publishingPublished
    - publishingEdited
  changes:
    draft: false
/src/fixture/no-frontmatter.md:
  because:
    - publishingEdited
  changes:
"
`;

exports[`brainwave - telepathy 1`] = `
Object {
  "learnPages": Array [
    "brainwave/src/fixture/frontmatter-2.mdx",
    "brainwave/src/fixture/frontmatter-3.mdx",
  ],
}
`;

exports[`reyaml 1`] = `
"---
a:
  b:
    c:
      d:
        cool: so cool
---
input!"
`;
