// Jest Snapshot v1, https://goo.gl/fbAQLP

exports[`basic - configFile 1`] = `
Array [
  "brains",
  "control",
  "telepathy",
]
`;

exports[`basic - configFile 2`] = `
Array [
  "/Users/brekkbockrath/work/open-sorcerers/projects/brainwave/src/fixture/frontmatter-1.md",
  "/Users/brekkbockrath/work/open-sorcerers/projects/brainwave/src/fixture/frontmatter-2.mdx",
  "/Users/brekkbockrath/work/open-sorcerers/projects/brainwave/src/fixture/no-frontmatter.md",
]
`;

exports[`basic - configFile 3`] = `
Array [
  "stats",
  "filepath",
  "brain",
]
`;

exports[`basic - namespace 1`] = `
Array [
  "brains",
  "control",
  "telepathy",
]
`;

exports[`basic - namespace 2`] = `
Array [
  "/Users/brekkbockrath/work/open-sorcerers/projects/brainwave/src/fixture/frontmatter-1.md",
  "/Users/brekkbockrath/work/open-sorcerers/projects/brainwave/src/fixture/frontmatter-2.mdx",
  "/Users/brekkbockrath/work/open-sorcerers/projects/brainwave/src/fixture/no-frontmatter.md",
]
`;

exports[`basic - namespace 3`] = `
Array [
  "stats",
  "filepath",
  "brain",
]
`;
