// Jest Snapshot v1, https://goo.gl/fbAQLP

exports[`basic 1`] = `
Array [
  Array [
    "Number",
    "->",
    "String",
    "->",
    "Number",
  ],
  Array [
    "Number",
    "->",
    "String",
    "->",
    "Number",
  ],
  Array [
    "Number",
    "->",
    "String",
    "->",
    "Number",
  ],
  Array [
    "Number",
    "->",
    "String",
    "->",
    "Number",
  ],
  Object {
    "arity": 1,
    "name": "Container",
    "params": Array [
      "value",
    ],
    "type": "HMType",
  },
  Array [
    "x",
    "->",
    "Container",
    "x",
  ],
  Array [
    Array [
      "a",
      "->",
      "b",
    ],
    "->",
    "Container",
    "a",
    "->",
    "Container",
    "b",
  ],
]
`;
