// Jest Snapshot v1, https://goo.gl/fbAQLP

exports[`basic 1`] = `
Array [
  Array [
    "Number",
    "->",
    "String",
    "->",
    "Number",
  ],
  Array [
    "Number",
    "->",
    "String",
    "->",
    "Number",
  ],
  Array [
    "Number",
    "->",
    "String",
    "->",
    "Number",
  ],
  Array [
    "Number",
    "->",
    "String",
    "->",
    "Number",
  ],
  Object {
    "0": "@repast",
    "1": "Container",
    "2": "=",
    "3": "{",
    "4": "value:",
    "5": "String",
    "6": "}",
  },
  Object {
    "0": "@repast",
    "1": "Container",
  },
  Array [
    "x",
    "->",
    "Container",
    "x",
  ],
  Array [
    Array [
      "a",
      "->",
      "b",
    ],
    "->",
    "Container",
    "a",
    "->",
    "Container",
    "b",
  ],
]
`;
